[thalassophobiapenandapple.com/my/bsmy-slot/slotlp-btmnav-cn/indexbsss93df.html]
[backblue.gif]
[fade.gif]
[index.html]
[thalassophobiapenandapple.com/my/bsmy-slot/slotlp-btmnav-cn/assets/bootstrap.min.css]
[thalassophobiapenandapple.com/my/bsmy-slot/slotlp-btmnav-cn/assets/font-awesome.min.css]
[thalassophobiapenandapple.com/my/bsmy-slot/slotlp-btmnav-cn/assets/css.css]
[thalassophobiapenandapple.com/my/bsmy-slot/slotlp-btmnav-cn/assets/app-blue255.css]
[thalassophobiapenandapple.com/my/bsmy-slot/slotlp-btmnav-cn/assets/bbifss.js]
[thalassophobiapenandapple.com/my/bsmy-slot/slotlp-btmnav-cn/assets/spin-sound.mp3]
[thalassophobiapenandapple.com/my/bsmy-slot/slotlp-btmnav-cn/assets/spin-win.mp3]
[thalassophobiapenandapple.com/my/bsmy-slot/slotlp-btmnav-cn/assets/logo.png]
[thalassophobiapenandapple.com/my/bsmy-slot/slotlp-btmnav-cn/assets/jiahui24.jpg]
[thalassophobiapenandapple.com/my/bsmy-slot/slotlp-btmnav-cn/assets/alvin24.jpg]
[thalassophobiapenandapple.com/my/bsmy-slot/slotlp-btmnav-cn/assets/leong24.jpg]
[thalassophobiapenandapple.com/my/bsmy-slot/slotlp-btmnav-cn/assets/slot-machine-frame.fs8.png]
[thalassophobiapenandapple.com/my/bsmy-slot/slotlp-btmnav-cn/assets/jquery-3.2.1.min.js]
[thalassophobiapenandapple.com/my/bsmy-slot/slotlp-btmnav-cn/assets/bootstrap.min.js]
[thalassophobiapenandapple.com/my/bsmy-slot/slotlp-btmnav-cn/assets/rocket-loader.min.js]
[thalassophobiapenandapple.com/my/bsmy-slot/slotlp-btmnav-cn/assets/timer.js]
[thalassophobiapenandapple.com/my/bsmy-slot/slotlp-btmnav-cn/assets/exclusive/qatar-unscreen.gif]
[thalassophobiapenandapple.com/my/bsmy-slot/slotlp-btmnav-cn/indexbsss93df.html]
[thalassophobiapenandapple.com/my/bsmy-slot/slotlp-btmnav-cn/assets/bootstrap.min.css]
[thalassophobiapenandapple.com/my/bsmy-slot/slotlp-btmnav-cn/assets/font-awesome.min.css]
[thalassophobiapenandapple.com/my/bsmy-slot/slotlp-btmnav-cn/assets/mem5YaGs126MiZpBA-UN7rgOUuhv.woff]
[thalassophobiapenandapple.com/my/bsmy-slot/slotlp-btmnav-cn/assets/css.css]
[thalassophobiapenandapple.com/my/bsmy-slot/slotlp-btmnav-cn/assets/foxtail-blue.png]
[thalassophobiapenandapple.com/my/bsmy-slot/slotlp-btmnav-cn/assets/arrow.png]
[thalassophobiapenandapple.com/my/bsmy-slot/slotlp-btmnav-cn/assets/bg-glowsplosion-blue.jpg]
[thalassophobiapenandapple.com/my/bsmy-slot/slotlp-btmnav-cn/assets/reel-255.jpg]
[thalassophobiapenandapple.com/my/bsmy-slot/slotlp-btmnav-cn/assets/app-blue255.css]
